set(['g4447', 'g3243', 'g2774', 'g2887', 'g247', 'g246', 'g241', 'g1338', 'g4351', 'g248', 'g4597', 'g33924', 'g4593', 'g34242', 'g34243', 'g34240', 'g34241', 'g34246', 'g34244', 'g34245', 'g1819', 'g4473', 'g4477', 'g34015', 'g34014', 'g4449', 'g25151', 'g34255', 'g34257', 'g34256', 'g1947', 'g1821', 'g4469', 'g4467', 'g4273', 'g34066', 'g34064', 'g34065', 'g33759', 'g34063', 'g34060', 'g34061', 'g32712', 'g32713', 'g3095', 'g206', 'g205', 'g3017', 'g4601', 'g101', 'g102', 'g103', 'g104', 'g105', 'g106', 'g107', 'g109', 'g27823', 'g4305', 'g219', 'g34277', 'g34276', 'g4303', 'g34274', 'g210', 'g211', 'g34279', 'g34278', 'g214', 'g215', 'g216', 'g217', 'g1453', 'g508', 'g2714', 'g2243', 'g113', 'g112', 'g111', 'g110', 'g117', 'g116', 'g115', 'g114', 'g118', 'g34234', 'g208', 'g32730', 'g32731', 'g32733', 'g203', 'g201', 'g6743', 'g212', 'g34280', 'g34040', 'g34041', 'g213', 'g34044', 'g24340', 'g133', 'g232', 'g233', 'g230', 'g231', 'g238', 'g32723', 'g32727', 'g32726', 'g4481', 'g34059', 'g34055', 'g1909', 'g26483', 'g26482', 'g26481', 'gNone', 'g26484', 'g221', 'g223', 'g222', 'g225', 'g224', 'g227', 'g226', 'g229', 'g228', 'g3023', 'g132', 'g134', 'g3027', 'g25474', 'g1881', 'g34223', 'g34224', 'g34225', 'g34226', 'g2823', 'g1797', 'g2821', 'g1785', 'g207', 'g3031', 'g33916', 'g3233', 'g254', 'g250', 'g251', 'g252', 'g253', 'g34062', 'g311', 'g34238', 'g34237', 'g34236', 'g34032', 'g34233', 'g1783', 'g1805', 'g4583', 'g4581'])
url2 http://www.dianping.com/shanghai/ch10/r3
None
812
811
830
827
828
814
813
829
12026
22950
22949
2864
22951
url2 http://www.dianping.com/shanghai/ch10/r4
None
842
841
840
845
839
843
844
url2 http://www.dianping.com/shanghai/ch10/r2
None
865
872
870
871
869
873
866
868
867
24031
url2 http://www.dianping.com/shanghai/ch10/r10
None
854
856
855
8445
858
857
85102
85128
url2 http://www.dianping.com/shanghai/ch10/r6
None
838
836
861
835
860
859
837
863
864
862
88601
url2 http://www.dianping.com/shanghai/ch10/r9
None
824
822
821
820
825
826
22946
823
85128
url2 http://www.dianping.com/shanghai/ch10/r7
None
815
9177
819
818
813
816
2866
817
2865
12038
url2 http://www.dianping.com/shanghai/ch10/r12
None
2528
841
846
70507
849
839
848
852
850
8928
8597
847
982
853
851
22955
22953
22952
67276
22957
22956
22954
22958
88597
89650
url2 http://www.dianping.com/shanghai/ch10/r13
None
8440
831
834
8441
8442
833
9170
8444
8443
2527
9171
9169
88590
url2 http://www.dianping.com/shanghai/ch10/r5
None
801
803
802
806
809
804
808
807
67275
8446
5947
2869
2868
810
2867
22948
12029
805
5948
22947
24017
70602
70265
24141
8929
24020
24018
9179
70326
81213
24024
70531
88593
88591
89405
89476
url2 http://www.dianping.com/shanghai/ch10/r5937
None
5941
22979
26146
24019
5940
5943
22983
5942
22987
22986
22980
11374
22981
9178
70277
67354
22982
22985
22984
88599
88598
88600
url2 http://www.dianping.com/shanghai/ch10/r5938
None
5946
5944
5945
5962
22991
22988
27830
22989
22990
22992
24022
24021
65166
88590
88594
88592
71499
url2 http://www.dianping.com/shanghai/ch10/r5939
None
5949
22993
30340
22995
24023
70209
22994
89649
url2 http://www.dianping.com/shanghai/ch10/r8847
None
65207
22974
9174
22970
22968
22969
22971
22966
22975
22972
22967
22973
66226
url2 http://www.dianping.com/shanghai/ch10/r8846
None
24025
22961
9172
22959
22964
22960
9173
22962
22965
66320
22963
66319
88596
88595
url2 http://www.dianping.com/shanghai/ch10/c3580
None
64600
64599
64601
64603
64597
64598
64604
64605
64606
8848
set(['r815', 'r814', 'r817', 'r816', 'r811', 'r810', 'r813', 'r812', 'r819', 'r818', 'r8847', 'r8846', 'r3580', 'r64598', 'r64599', 'r8848', 'r851', 'r70531', 'r70326', 'r89650', 'r64604', 'r64605', 'r64606', 'r5937', 'r64600', 'r64601', 'r8597', 'r64603', 'r860', 'r861', 'r862', 'r863', 'r12', 'r865', 'r10', 'r867', 'r868', 'r869', 'r65166', 'r70507', 'r22968', 'r66319', 'r12038', 'r26146', 'r5949', 'r5948', 'r22962', 'r5941', 'r5940', 'r5943', 'r5942', 'r5945', 'r5944', 'r5947', 'r5946', 'r873', 'r872', 'r871', 'r870', 'r22959', 'r88600', 'r88601', 'r64597', 'r22965', 'r13', 'r88593', 'r22952', 'r22953', 'r22950', 'r22951', 'r22956', 'r67276', 'r22954', 'r12026', 'r12029', 'r22958', 'r88591', 'r65207', 'r88596', 'r88597', 'r88594', 'r88595', 'r88592', 'r67275', 'r848', 'r849', 'r846', 'r847', 'r844', 'r845', 'r842', 'r843', 'r840', 'r841', 'r2868', 'r88598', 'r88599', 'r81213', 'r4', 'r5', 'r6', 'r7', 'r5962', 'r2', 'r3', 'r22949', 'r22948', 'r9', 'r24019', 'r24018', 'r22975', 'r24017', 'r859', 'r858', 'r22972', 'r85102', 'r850', 'r853', 'r852', 'r855', 'r854', 'r857', 'r856', 'r27830', 'r803', 'r22973', 'r66320', 'r22980', 'r2869', 'r801', 'r22979', 'r22974', 'r806', 'r24141', 'r2867', 'r2866', 'r2865', 'r2864', 'rNone', 'r70277', 'r804', 'r24020', 'r5938', 'r24022', 'r8440', 'r24024', 'r24025', 'r5939', 'r22994', 'r22995', 'r22992', 'r22993', 'r22990', 'r22991', 'r22960', 'r70209', 'r30340', 'r828', 'r829', 'r71499', 'r24021', 'r824', 'r825', 'r826', 'r827', 'r820', 'r821', 'r822', 'r823', 'r22969', 'r24023', 'r22947', 'r24031', 'r22963', 'r982', 'r22961', 'r22946', 'r22967', 'r22966', 'r66226', 'r22964', 'r70265', 'r11374', 'r8928', 'r8929', 'r22985', 'r22984', 'r22987', 'r22986', 'r22981', 'r89405', 'r22983', 'r22982', 'r807', 'r22989', 'r22988', 'r89649', 'r839', 'r838', 'r837', 'r836', 'r835', 'r834', 'r833', 'r831', 'r830', 'r8446', 'r866', 'r88590', 'r67354', 'r9169', 'r864', 'r805', 'r22970', 'r808', 'r809', 'r2528', 'r802', 'r2527', 'r8445', 'r8444', 'r8443', 'r8442', 'r8441', 'r22957', 'r89476', 'r70602', 'r22971', 'r9170', 'r22955', 'r9178', 'r9179', 'r9174', 'r9177', 'r85128', 'r9171', 'r9172', 'r9173'])
38318
